// Jest Snapshot v1, https://goo.gl/fbAQLP

exports[`<NavBar /> matches snapshot 1`] = `
<nav
  id="navigation"
>
  <a
    class="logo"
    href="/"
  >
    Project FireFly
    <span>
      ©
    </span>
  </a>
  <span
    class="fire-logo"
  >
    <img
      alt="Firefly Logo"
      src="WearingNerdGlasses.png"
      style={
        Object {
          "marginTop": "-15px",
          "width": "100px",
        }
      }
    />
  </span>
  <ul
    class="links"
  >
    <li>
      <a
        class="fa fa-home fa-2x"
        href="/"
        style={
          Object {
            "color": "white",
          }
        }
      >
         
      </a>
    </li>
    <li
      class="dropdown"
    >
      <a
        class="trigger-drop"
        href="/"
      >
        Links
        <i
          class="arrow"
        />
      </a>
      <ul
        class="drop"
      >
        <li>
          <a
            href="/contact"
          >
            Contact
          </a>
        </li>
        <li>
          <a
            href="/blob"
          >
            Empty
          </a>
        </li>
        <li>
          <a
            href="/sempty"
          >
            Empty
          </a>
        </li>
        <li>
          <a
            href="/uei"
          >
            Empty
          </a>
        </li>
      </ul>
    </li>
    <li
      class="dropdown"
    >
      <a
        class="trigger-drop"
        href="/"
      >
        Accounts
        <i
          class="arrow"
        />
      </a>
      <ul
        class="drop"
      >
        <li>
          <a
            href="/signin"
          >
            Sign In
          </a>
        </li>
        <li>
          <a
            href="/slogin"
          >
            Sign Up
          </a>
        </li>
        <li>
          <a
            href="/profile"
          >
            Profile
          </a>
        </li>
        <li>
          <a
            href="/signout"
          >
            Sign Out
          </a>
        </li>
      </ul>
    </li>
  </ul>
</nav>
`;
