// Jest Snapshot v1, https://goo.gl/fbAQLP

exports[`<NotFound /> matches snapshot 1`] = `
<div
  className="error"
>
  <h1>
    404
  </h1>
  <p>
    It's not you; it's us...
  </p>
  <p
    className="smaller"
  >
    The page you have requested was not found. We have dispatched a team of highly trained monkeys to solve it.
  </p>
  <div>
    <button
      className="cta-button"
    >
      Home
    </button>
  </div>
</div>
`;
