// Jest Snapshot v1, https://goo.gl/fbAQLP

exports[`<Slogin /> matches snapshot 1`] = `
<div
  id="login-box"
>
  <div
    className="left"
  >
    <h1
      className="signup"
    >
      SIGN UP
    </h1>
    <form
      onSubmit={[Function]}
    >
      <input
        name="email"
        onChange={[Function]}
        placeholder="E-mail"
        required={true}
        type="email"
        value=""
      />
      <p
        className="promise"
      >
        We will never share your information with anyone!
      </p>
      <input
        name="password"
        onChange={[Function]}
        placeholder="Password"
        required={true}
        type="password"
        value=""
      />
      <input
        name="passwordCheck"
        onChange={[Function]}
        placeholder="Retype password"
        required={true}
        type="password"
        value=""
      />
      <button
        className="push_button green"
        name="signup_submit"
        type="submit"
        value="Sign me up"
      >
        Sign me up
      </button>
    </form>
    <p
      className="log-footer"
    >
      Already have an account ? 
      <a
        href="./Signin"
      >
        Click Here
      </a>
    </p>
  </div>
  <div
    className="right flex"
  >
    <div
      className="test"
    >
      <button
        className="social-signin facebook"
      >
        LOG IN WITH FACEBOOK
      </button>
      <button
        className="social-signin google"
      >
        LOG IN WITH GOOGLE
      </button>
    </div>
    <span
      className="loginwith"
    />
  </div>
  <div
    className="or"
  >
    OR
  </div>
</div>
`;
