// Jest Snapshot v1, https://goo.gl/fbAQLP

exports[`<Carousel /> matches snapshot 1`] = `
<div
  className="sc-bwzfXH DrQsA carousel"
  style={Object {}}
>
  <div
    className="left-arrow"
    onClick={[Function]}
  >
    &lt;
  </div>
  <div
    className="reel"
  />
  <div
    className="right-arrow"
    onClick={[Function]}
  >
    &gt;
  </div>
</div>
`;
